> Task :app:clean
> Task :app:preBuild UP-TO-DATE
> Task :app:preDebugBuild UP-TO-DATE
> Task :app:mergeDebugNativeDebugMetadata NO-SOURCE
> Task :app:javaPreCompileDebug
> Task :app:generateDebugResValues
> Task :app:mapDebugSourceSetPaths
> Task :app:generateDebugResources
> Task :app:checkDebugAarMetadata
> Task :app:packageDebugResources
> Task :app:createDebugCompatibleScreenManifests
> Task :app:extractDeepLinksDebug
> Task :app:parseDebugLocalResources

> Task :app:processDebugMainManifest
package="com.muslim.hajjrules" found in source AndroidManifest.xml: /home/ubuntu/nur_makkah-app/nur_makkah/app/src/main/AndroidManifest.xml.
Setting the namespace via the package attribute in the source AndroidManifest.xml is no longer supported, and the value is ignored.
Recommendation: remove package="com.muslim.hajjrules" from the source AndroidManifest.xml: /home/ubuntu/nur_makkah-app/nur_makkah/app/src/main/AndroidManifest.xml.

> Task :app:processDebugManifest
> Task :app:mergeDebugShaders
> Task :app:compileDebugShaders NO-SOURCE
> Task :app:generateDebugAssets UP-TO-DATE
> Task :app:mergeDebugAssets
> Task :app:compressDebugAssets
> Task :app:desugarDebugFileDependencies
> Task :app:processDebugManifestForPackage
> Task :app:processDebugJavaRes NO-SOURCE
> Task :app:mergeDebugJniLibFolders
> Task :app:mergeDebugNativeLibs NO-SOURCE
> Task :app:stripDebugDebugSymbols NO-SOURCE
> Task :app:validateSigningDebug
> Task :app:writeDebugAppMetadata
> Task :app:writeDebugSigningConfigVersions
> Task :app:preReleaseBuild UP-TO-DATE
> Task :app:javaPreCompileRelease
> Task :app:checkReleaseAarMetadata
> Task :app:generateReleaseResValues
> Task :app:checkDebugDuplicateClasses
> Task :app:mapReleaseSourceSetPaths
> Task :app:mergeDebugResources
> Task :app:mergeLibDexDebug
> Task :app:generateReleaseResources
> Task :app:mergeDebugJavaResource
> Task :app:packageReleaseResources
> Task :app:processDebugResources

> Task :app:compileDebugJavaWithJavac
Note: Some input files use or override a deprecated API.
Note: Recompile with -Xlint:deprecation for details.

> Task :app:dexBuilderDebug
> Task :app:parseReleaseLocalResources
> Task :app:mergeExtDexDebug
> Task :app:createReleaseCompatibleScreenManifests
> Task :app:extractDeepLinksRelease

> Task :app:processReleaseMainManifest
package="com.muslim.hajjrules" found in source AndroidManifest.xml: /home/ubuntu/nur_makkah-app/nur_makkah/app/src/main/AndroidManifest.xml.
Setting the namespace via the package attribute in the source AndroidManifest.xml is no longer supported, and the value is ignored.
Recommendation: remove package="com.muslim.hajjrules" from the source AndroidManifest.xml: /home/ubuntu/nur_makkah-app/nur_makkah/app/src/main/AndroidManifest.xml.

> Task :app:processReleaseManifest
> Task :app:mergeDebugGlobalSynthetics
> Task :app:extractProguardFiles
> Task :app:mergeProjectDexDebug
> Task :app:mergeReleaseJniLibFolders
> Task :app:mergeReleaseNativeLibs NO-SOURCE
> Task :app:stripReleaseDebugSymbols NO-SOURCE
> Task :app:extractReleaseNativeSymbolTables NO-SOURCE
> Task :app:mergeReleaseNativeDebugMetadata NO-SOURCE
> Task :app:checkReleaseDuplicateClasses
> Task :app:desugarReleaseFileDependencies
> Task :app:processReleaseManifestForPackage
> Task :app:packageDebug
> Task :app:createDebugApkListingFileRedirect
> Task :app:assembleDebug
> Task :app:mergeExtDexRelease
> Task :app:mergeReleaseShaders
> Task :app:compileReleaseShaders NO-SOURCE
> Task :app:generateReleaseAssets UP-TO-DATE
> Task :app:mergeReleaseArtProfile
> Task :app:mergeReleaseAssets
> Task :app:processReleaseJavaRes NO-SOURCE
> Task :app:compressReleaseAssets
> Task :app:collectReleaseDependencies
> Task :app:sdkReleaseDependencyData
> Task :app:writeReleaseAppMetadata
> Task :app:writeReleaseSigningConfigVersions
> Task :app:mergeReleaseJavaResource
> Task :app:preDebugAndroidTestBuild SKIPPED
> Task :app:generateDebugAndroidTestResValues
> Task :app:preDebugUnitTestBuild UP-TO-DATE
> Task :app:bundleDebugClassesToRuntimeJar
> Task :app:processDebugUnitTestJavaRes NO-SOURCE
> Task :app:preReleaseUnitTestBuild UP-TO-DATE
> Task :app:bundleDebugClassesToCompileJar
> Task :app:javaPreCompileDebugUnitTest
> Task :app:javaPreCompileReleaseUnitTest
> Task :app:compileDebugUnitTestJavaWithJavac NO-SOURCE
> Task :app:testDebugUnitTest NO-SOURCE
> Task :app:processReleaseUnitTestJavaRes NO-SOURCE
> Task :app:mergeReleaseResources
> Task :app:lintAnalyzeDebug

> Task :app:lintReportDebug
Wrote HTML report to file:///home/ubuntu/nur_makkah-app/nur_makkah/app/build/reports/lint-results-debug.html

> Task :app:lintDebug
> Task :app:lint
> Task :app:processReleaseResources

> Task :app:compileReleaseJavaWithJavac
Note: Some input files use or override a deprecated API.
Note: Recompile with -Xlint:deprecation for details.

> Task :app:dexBuilderRelease
> Task :app:lintVitalAnalyzeRelease
> Task :app:lintVitalReportRelease SKIPPED
> Task :app:lintVitalRelease SKIPPED
> Task :app:mergeReleaseGlobalSynthetics
> Task :app:bundleReleaseClassesToRuntimeJar
> Task :app:bundleReleaseClassesToCompileJar
> Task :app:compileReleaseUnitTestJavaWithJavac NO-SOURCE
> Task :app:testReleaseUnitTest NO-SOURCE
> Task :app:test UP-TO-DATE
> Task :app:check
> Task :app:optimizeReleaseResources
> Task :app:mergeDexRelease
> Task :app:compileReleaseArtProfile
> Task :app:packageRelease
> Task :app:createReleaseApkListingFileRedirect
> Task :app:assembleRelease
> Task :app:assemble
> Task :app:build

[Incubating] Problems report is available at: file:///home/ubuntu/nur_makkah-app/build/reports/problems/problems-report.html

Deprecated Gradle features were used in this build, making it incompatible with Gradle 9.0.

You can use '--warning-mode all' to show the individual deprecation warnings and determine if they come from your own scripts or plugins.

For more on this, please refer to https://docs.gradle.org/8.12/userguide/command_line_interface.html#sec:command_line_warnings in the Gradle documentation.

BUILD SUCCESSFUL in 22s
78 actionable tasks: 78 executed
